[   0.000000] Linux version 4.15.0-38-generic (buildd@lcy01-amd64-023) (gcc version 7.3.0 (Ubuntu 7.3.0-16ubuntu3)) #41-Ubuntu SMP Wed Oct 10 10:59:38 UTC 2018 (Ubuntu 4.15.0-38.41-generic 4.15.18)
[    0.000000] Command line: BOOT_IMAGE=/boot/vmlinuz-4.15.0-38-generic root=LABEL=cloudimg-rootfs ro console=tty1 console=ttyS0
[    0.000000] KERNEL supported cpus:
[    0.000000]   Intel GenuineIntel
[    0.000000]   AMD AuthenticAMD
[    0.000000]   Centaur CentaurHauls
[    0.000000] x86/fpu: Supporting XSAVE feature 0x001: 'x87 floating point registers'
[    0.000000] x86/fpu: Suppoting XSAVE feature 0x002: 'SSE registers'
[    0.000000] x86/fpu: Supporting XSAVE feature 0x004: 'AVX registers'
[    0.000000] x86/fpu: xstate_offset[2]:  576, xstate_sizes[2]:  256
[    0.000000] x86/fpu: Enabled xstate features 0x7, context size is 832 bytes, using 'standard' format.
[    0.000000] e820: BIOS-provided physical RAM map:
[    0.0000000] BIOS-e820: [mem 0x0000000000000000-0x000000000009fbff] usable
[    0.000000] BIOS-e820: [mem 0x000000000009fc00-0x000000000009ffff] reserved
[    0.000000] BIOS-e820: [mem 0x00000000000f0000-0x00000000000fffff] reserved
[    0.000000] BIOS-e820: [mem0x0000000000100000-0x000000007ffeffff] usble
[    0.000000] BIOS-e820: [mem 0x000000007fff0000-0x000000007fffffff] ACPI data
[    0.000000] BIOS-e820: [mem 0x00000000fec00000-0x00000000fec00fff] reserved
[    0.000000] BIOS-e820: [mem 0x00000000fee00000-0x00000000fee00fff] reserved
[  0.000000] BIOS-e820: [mem 0x00000000fffc0000-0x00000000ffffffff] reserved
[    0.000000] NX (Execute Disable) protection: active
[    0.000000] SMBIOS 2.5 present.
[    0.000000] DMI: innotek GmbH VirtualBox/VirtualBox, BIOS VirtualBox 12/01/2006
[    0.000000] Hypervisor detected: KVM
[    0.000000] e820: last_pfn = 0x7fff0 max_arch_pfn = 0x400000000
[    0.000000] MTRR: Disabled
[    0.000000] x86/PAT: MTRRs disabled, skipping PAT initialization too.
[    0.000000] CPU MTRRs all blank - virtualized system.
[    0.000000] x86/PAT: Configuration [0-7]: WB  WT  UC- UC  WB  WT  UC- UC  
[    0.000000] found SMP MP-table at [mem 0x0009fff0-0x0009ffff] mapped at [        (ptrval)]
[    0.000000] Scanning 1 areas for low memory corruption
[    0.000000] RAMDISK: [mem 0x35ae1000-0x36d67fff]
[    0.000000] ACPI: Early table checksum verification disabled
[    0.000000] ACPI: RSDP 0x00000000000E0000 000024 (v02 VBOX  )
[    0.000000] ACPI: XSDT 0x000000007FFF0030 00003C (v01 VBOX   VBOXXSDT 00000001 ASL  00000061)
[    0.000000] ACPI: FACP 0x000000007FFF00F0 0000F4 (v04 VBOX   VBOXFACP 00000001 ASL  00000061)
[    0.000000] ACPI: DSDT 0x000000007FFF0470 0021FF (v02 VBOX   VBOXBIOS 00000002 INTL 20100528)
[    0.000000] ACPI: FACS 0x000000007FFF0200 000040
[    0.000000] ACPI: FACS 0x000000007FFF0200 000040
[    0.000000] ACPI: APIC 0x000000007FFF0240 00005C (v02 VBOX   VBOXAPIC 00000001 ASL  00000061)
[    0.000000] ACPI: SSDT 0x000000007FFF02A0 0001CC (v01 VBOX   VBOXCPUT 00000002 INTL 20100528)
[    0.000000] No NUMA configuration found
[    0.000000] Faking a node at [mem 0x0000000000000000-0x000000007ffeffff]
[    0.000000] NODE_DATA(0) allocated [mem 0x7ffc5000-0x7ffeffff]
[    0.000000] kvm-clock: cpu 0, msr 0:7ff44001, primary cpu clock
[    0.000000] kvm-clock: Using msrs 4b564d01 and 4b564d00
[    0.000000] kvm-clock: using sched offset of 3992220138 cyles
[    0.000000] clocksource: kvm-clock: mask: 0xffffffffffffffff max_cycles: 0x1cd42e4dffb, max_idle_ns: 881590591483 ns
[    0.000000] Zone ranges:
[    0.000000]   DMA      [mem 0x0000000000001000-0x0000000000ffffff]
[    0.000000]   DMA32    [mem 0x00000000010000-0x00000007ffeffff]
[    0.000000]   Normal   empty
[    0.000000]   Device   emty
[   0.000000] Movable zone start for each node
[    0.000000] Early memory node ranges
[    0.000000]   node   0: [mem 0x0000000000001000-0x000000000009efff]
[    0.000000]   node   : [mem0x0000000000100000-0x000000007ffeffff]
[   0.000000] Initmem setup node 0 [mem 0x0000000000001000-0x000000007ffeffff]
[    0.000000] Reserved bu unavailable: 98 pages
[    .000000] ACPI: PM-Timer IO Port: 0x4008
[    0.000000] IOAPIC[0]: apic_id 2, version 32, address 0xfec00000, GSI 0-23
[    0.000000] ACPI: INT_SRC_OVR (bus 0 bus_irq 0 global_irq 2 dfl dfl)
[    0.000000] ACPI: INT_SRC_OVR (bus 0 bus_irq 9 global_irq 9 low level)
[    0.000000] Using ACPI (MADT) for SMP configuration information
[    0.000000] smpboot: Allowing 2 CPUs, 0 hotplug CPUs
[    0.000000] PM: Registered nosave memory: [mem 0x00000000-0x00000fff]
[    0.000000] PM: Registered nosave memory: [mem 0x0009f000-0x0009ffff]
[    0.000000] PM: Registered nosave memory: [mem 0x000a0000-0x000effff]
[    0.000000] PM: Registered nosave memory: [mem 0x000f0000-0x000fffff]
[    0.000000] e820: [mem 0x80000000-0xfebfffff] available for PCI devices
[    0.000000] Booting paravirtualized kernel on KVM
[    0.000000] clocksource: refined-jiffies: mask: 0xffffffff max_cycles: 0xffffffff, max_idle_ns: 7645519600211568 ns
[    0.000000] random: get_random_bytes called from start_kernel+0x99/0x4fd with crng_init=0
[    0.000000] setup_percpu: NR_CPUS:8192 nr_cpumask_bits:2 nr_cpu_ids:2 nr_node_ids:1
[    0.000000] percpu: Embedded 46 pages/cpu @        (ptrval) s151552 r8192 d28672 u1048576
[    0.000000] PV qspinlock hash table entries: 256 (order: 0, 4096 bytes)
[    0.000000] Built 1 zonelists, mobility grouping on.  Total pages: 515961
[    0.000000] Policy zone: DMA32
[    0.000000] Kernel command line: BOOT_IMAGE=/boot/vmlinuz-4.15.0-38-generic root=LABEL=cloudimg-rootfs ro console=tty1 console=ttyS0
[    0.000000] Memory: 2015804K/2096696K available (12300K kernel code, 2472K rwdata, 4248K rodata, 2408K init, 2416K bss, 80892K reserved, 0K cma-reserved)
[    0.000000] SLUB: HWalign=64, Order=0-3, MinObjects=0, CPUs=2, Nodes=1
[    0.000000] Kernel/User page tables isolation: enabled
[    0.000000] ftrace: allocating 39175 entries in 154 pages
[    0.004000] Hierarchical RCU implementation.
[    0.004000] 	RCU restricting CPUs from NR_CPUS=8192 to nr_cpu_id=2.
[    0.004000] 	Tasks RCU enabled.
[    0.004000] RCU: Adjusting geometry for rcu_fanout_leaf=16, nr_cpu_ids=2
[    0.004000] NR_IRQS: 524544, nr_irqs: 440, preallocated irqs: 16
[    0.004000] Console: colour VGA+ 80x25
[    0.004000] console [tty1] enabled
[    0.004000] console [ttyS0] enabled
[    0.004000] ACPI: Core revision 20170831
[    0.004000] ACPI: 2 ACPI AML tables successfully acquired and loaded
[    0.004000] APIC: Switch to symmetric I/O mode setup
[    0.004000] x2apic enabled
[    0.004000] Switched APIC routing to physical x2apic.
[    0.004000] ..TIMER: vector=0x30 apic1=0 pin1=2 apic2=-1 pin2=-1
[    0.004004] tsc: Detected 2494.238 MHz processor
[    0.005010] Calibrating delay loop (skipped) preset value.. 4988.47 BogoMIPS (lpj=9976952)
[    0.005194] pid_max: default: 32768 minimum: 301
[    0.006023] Security Framework initialized
[    0.006638] Yama: becoming mindful.
[     0.008025] AppArmor: AppArmor initialized
[    0.008924] Dentry cache hash table entries: 262144 (order: 9, 2097152 bytes)
[    0.010900] Inode-cache hash table entries: 131072 (order: 8, 1048576 bytes)
[    0.012032] Mount-cache hash table entries: 4096 (order: 3, 32768 bytes)
[    0.012981] Mountpoint-cache hash table entries: 4096 (order: 3, 32768 bytes)
[    0.014227] mce: CPU supports 0 MCE banks
[    0.014969] Last level iTLB entries: 4KB 1024, 2MB 1024, 4MB 1024
[    0.016003] Last level dTLB entries: 4KB 1024, 2MB 1024, 4MB 1024, 1GB 4
[    0.020006] Spectre V2 : Mitigation: Full generic retpoline
[    0.024002] Spectre V2 : Spectre v2 / SpectreRSB mitigation: Filling RSB on context switch
[    0.025422] Speculative Store Bypass: Vulnerable
[    0.026227] Freeing SMP alternatives memory: 36K
[    0.032000] smpboot: CPU0: Intel(R) Core(TM) i5-4200M CPU @ 2.50GHz (family: 0x6, model: 0x3c, stepping: 0x3)
[    0.032076] Performance Events: unsupported p6 CPU model 60 no PMU driver, software events only.
[    0.036060] Hierarchical SRCU implementation.
[    0.037439] NMI watchdog: Perf event create on CPU 0 failed with -2
[    0.040006] NMI watchdog: Perf NMI watchdog permanently disabled
[    0.040988] smp: Bringing up secondary CPUs ...
[    0.041740] x86: Booting SMP configuration:
[    0.044003] .... node  #0, CPUs:      #1
[    0.004000] kvm-clock: cpu 1, msr 0:7ff44041, secondary cpu clock
[    0.004000] mce: CPU supports 0 MCE banks
[    0.050205] smp: Brought up 1 node, 2 CPUs
[    0.052009] smpboot: Max logical packages: 1
[    0.056007] smpboot: Total of 2 processors activated (9976.95 BogoMIPS)
[    0.060137] devtmpfs: initialized
[    0.062506] x86/mm: Memory block size: 128MB
[    0.064187] evm: security.selinux
[    0.068006] evm: security.SMACK64
[    0.068542] evm: security.SMACK64EXEC
[    0.069145] evm: security.SMACK64TRANSMUTE
[    0.072002] evm: security.SMACK64MMAP
[    0.072575] evm: security.apparmor
[    0.073106] evm: security.ima
[    0.073668] evm: security.capability
[    0.076088] clocksource: jiffies: mask: 0xffffffff max_cycles: 0xffffffff, max_idle_ns: 7645041785100000 ns
[    0.080024] futex hash table entries: 512 (order: 3, 32768 bytes)
[    0.084079] pinctrl core: initialized pinctrl subsystem
[    0.088175] RTC time: 15:49:15, date: 11/18/18
[    0.089870] NET: Registered protocol family 16
[    0.090919] audit: initializing netlink subsys (disabled)
[    0.092043] audit: type=2000 audit(1542556160.435:1): state=initialized audit_enabled=0 res=1
[    0.093314] cpuidle: using governor ladder
[    0.096018] cpuidle: using governor menu
[    0.100044] ACPI: bus type PCI registered
[    0.104006] acpiphp: ACPI Hot Plug PCI Controller Driver version: 0.5
[    0.108112] PCI: Using configuration type 1 for base access
[    0.112894] HugeTLB registered 2.00 MiB page size, pre-allocated 0 pages
[    0.113088] ACPI: Added _OSI(Module Device)
[    0.116008] ACPI: Added _OSI(Processor Device)
[    0.120006] ACPI: Added _OSI(3.0 _SCP Extensions)
[    0.120744] ACPI: Added _OSI(Processor Aggregator Device)
[    0.121567] ACPI: Added _OSI(Linux-Dell-Video)
[    0.122285] ACPI: Added _OSI(Linux-Lenovo-NV-HDMI-Audio)
[    0.123369] ACPI: Executed 1 blocks of module-level executable AML code
[    0.127447] ACPI: Interpreter enabled
[    0.128017] ACPI: (supports S0 S5)
[    0.132002] ACPI: Using IOAPIC for interrupt routing
[    0.136242] PCI: Using host bridge windows from ACPI; if necessary, use "pci=nocrs" and report a bug
[    0.140181] ACPI: Enabled 2 GPEs in block 00 to 07
[    0.151667] ACPI: PCI Root Bridge [PCI0] (domain 0000 [bus 00-ff])
[    0.152008] acpi PNP0A03:00: _OSC: OS supports [ASPM ClockPM Segments MSI]
[    0.156032] acpi PNP0A03:00: _OSC: not requesting OS control; OS requires [ExtendedConfig ASPM ClockPM MSI]
[    0.160018] acpi PNP0A03:00: fail to add MMCONFIG information, can't access extended PCI configuration space under this bridge.
[    0.164343] PCI host bridge to bus 0000:00
[    0.165014] pci_bus 0000:00: root bus resource [io  0x0000-0x0cf7 window]
[    0.165975] pci_bus 0000:00: root bus resource [io  0x0d00-0xffff window]
[    0.168003] pci_bus 0000:00: root bus resource [mem 0x000a0000-0x000bffff window]
[    0.169116] pci_bus 0000:00: root bus resource [mem 0x80000000-0xfdffffff window]
[    0.170256] pci_bus 0000:00: root bus resource [bus 00-ff]
[    0.173334] pci 0000:00:01.1: legacy IDE quirk: reg 0x10: [io  0x01f0-0x01f7]
[    0.174355] pci 0000:00:01.1: legacy IDE quirk: reg 0x14: [io  0x03f6]
[    0.176007] pci 0000:00:01.1: legacy IDE quirk: reg 0x18: [io  0x0170-0x0177]
[    0.177023] pci 0000:00:01.1: legacy IDE quirk: reg 0x1c: [io  0x0376]
[    0.202814] pci 0000:00:07.0: quirk: [io  0x4000-0x403f] claimed by PIIX4 ACPI
[    0.204079] pci 0000:00:07.0: quirk: [io  0x4100-0x410f] claimed by PIIX4 SMB
[    0.221610] ACPI: PCI Interrupt Link [LNKA] (IRQs 5 9 10 *11)
[    0.224020] ACPI: PCI Interrupt Link [LNKB] (IRQs 5 9 *10 11)
[    0.232110] ACPI: PCI Interrupt Link [LNKC] (IRQs 5 *9 10 11)
[    0.235707] ACPI: PCI Interrupt Link [LNKD] (IRQs 5 9 10 *11)
[    0.240185] SCSI subsystem initialized
[    0.240955] pci 0000:00:02.0: vgaarb: setting as boot VGA device
[    0.240955] pci 0000:00:02.0: vgaarb: VGA device added: decodes=io+mem,owns=io+mem,locks=none
[    0.242223] pci 0000:00:02.0: vgaarb: bridge control possible
[    0.243065] vgaarb: loaded
[    0.244022] ACPI: bus type USB registered
[    0.244655] usbcore: registered new interface driver usbfs
[    0.245468] usbcore: registered new interface driver hub
[    0.246289] usbcore: registered new device driver usb
[    0.247327] EDAC MC: Ver: 3.0.0
[    0.248234] PCI: Using ACPI for IRQ routing
[    0.252334] NetLabel: Initializing
[    0.256007] NetLabel:  domain hash size = 128
[    0.260004] NetLabel:  protocols = UNLABELED CIPSOv4 CALIPSO
[    0.264031] NetLabel:  unlabeled traffic allowed by default
[    0.268080] clocksource: Switched to clocksource kvm-clock
[    029813] VFS: Disk quotas dquot_6.6.0
[    0.345730] VFS: Dquot-cache hash table entries: 512 (order 0, 4096 bytes)
[    0.346820] AppArmor: AppArmor Filesystem Enabled
[    0.347543] pnp: PnP ACPI init
[    0.349003]pnp: PnP ACPI: found 3 devices

[   .38186]clocksource: acpi_pm: mask: 0xffffff max_cycles: 0xffffff, max_idle_ns: 2085701024 ns
[    0.477134] NET: Registered protocol family 2

[    0.477974] TCP established hash table entries: 16384 (order: 5, 131072 bytes)
[    0.479108] TCP bind hash table entries: 16384 (order: 6, 262144 bytes)
[    0.480934] TCP: Hash tables configured (established 16384 bind 16384)
[    0.481938] UDP hash table entries: 1024 (order: 3, 32768 bytes)
[    0.482814] UDP-Lite hash table entries: 1024 (order: 3, 32768 bytes)
[    0.483765] NET: Registered protocol family 1
[    0.484443] pci 0000:00:00.0: Limiting direct PCI/PCI transfrs
[   0.531138] pci000:0:01.0: Activating ISA DMA hang workarounds
[    0.624386] pci 0000:00:02.0: Video device with shadowed ROM t mem 0x000c0000-0x000dffff]
[    0.672143] Unpacking initramfs...

[    0.949462] Freeing initrd memory: 18972K
[    0.950269] platform rtc_cmos: registered platform RTC device (no PNP device found)
[    0.951465] Scanning for low memory corruption every 60 seconds
[    0.952952] Initialise system trusted keyrings
[    0.960656] Key type blacklist registered
[    0.961515] workingset: timestamp_bits=36 max_order=19 bucket_order=0
[    0.963584] zbud: loaded
[    0.965981] squashfs: version 4.0 (2009/01/31) Phillip Lougher
[    0.967212] fuse init (API version 7.26)
[    0.970465] Key type asymmetric registered
[    0.971338] Asymmetric key parser 'x509' registered
[    0.972461] Block layer SCSI generic (bsg) driver version 0.4 loaded (major 246)
[    0.973888] io scheduler noop registered
[    0.974622] io scheduler deadline registered
[    0.975447] io scheduler cfq registered (default)
[    0.976622] ACPI: AC Adapter [AC] (on-line)
[    0.977442] input: Power Button as /devices/LNXSYSTM:00/LNXPWRBN:00/input/input0
[    0.978822] ACPI: Power Button [PWRF]
[    0.979562] input: Sleep Button as /devices/LNXSYSTM:00/LNXSLPBN:00/input/input1
[    0.981084] ACPI: Sleep Button [SLPF]
[    0.982615] virtio-pci 0000:00:03.0: virtio_pci: leaving for legacy driver
[    0.984998] virtio-pci 0000:00:08.0: virtio_pci: leaving for legacy driver
[    0.985911] ACPI: Battery Slot [BAT0] (battery present)
[    0.987438] Serial: 8250/16550 driver, 32 ports, IRQ sharing enabled
[    1.018631] 00:02: ttyS0 at I/O 0x3f8 (irq = 4, base_baud = 115200) is a 16550A
[    1.026854] Linux agpgart interface v0.103
[    1.030006] loop: module loaded
[    1.031124] scsi host0: ata_piix
[    1.031818] scsi host1: ata_piix
[    1.040533] ata1: PATA max UDMA/33 cmd 0x1f0 ctl 0x3f6 bmdma 0xd000 irq 14
[    1.041868] ata2: PATA max UDMA/33 cmd 0x170 ctl 0x376 bmdma 0xd008 irq 15
[    1.043377] libphy: Fixed MDIO Bus: probed
[    1.044061] tun: Universal TUN/TAP device driver, 1.6
[    1.045005] PPP generic driver version 2.4.2
[    1.045757] ehci_hcd: USB 2.0 'Enhanced' Host Controller (EHCI) Driver
[    1.046694] ehci-pci: EHCI PCI platform driver
[    1.047456] ehci-platform: EHCI generic platform driver
[    1.048230] ohci_hcd: USB 1.1 'Open' Host Controller (OHCI) Driver
[    1.049192] ohci-pci: OHCI PCI platform driver
[    1.049876] ohci-platform: OHCI generic platform driver
[    1.050657] uhci_hcd: USB Universal Host Controller Interface driver
[    1.051647] i8042: PNP: PS/2 Controller [PNP0303:PS2K,PNP0f03:PS2M] at 0x60,0x64 irq 1,12
[    1.053294] serio: i8042 KBD port at 0x60,0x64 irq 1
[    1.089782] serio: i8042 AUX port at 0x60,0x64 irq 12
[    1.111699] mousedev: PS/2 mouse device common for all mice
[    1.130328] input: AT Translated Set 2 keyboard as /devices/platform/i8042/serio0/input/input2
[    1.138694] rtc_cmos rtc_cmos: rtc core: registered rtc_cmos as rtc0
[    1.141475] rtc_cmos rtc_cmos: alarms up to one day, 114 bytes nvram
[    1.142393] i2c /dev entries driver
[    1.151023] pcie_mp2_amd: AMD(R) PCI-E MP2 Communication Driver Version: 1.0
[    1.152151] dvice-mapper: uevent: verio 1.0.3

[    1.246830] device-mapper: ioctl: 4.37.0-ioctl (2017-09-20) initialised: dm-devel@redhat.com
[    1.248408] ledtrig-cpu: registered to indicate activity on CPUs
[    1.250019] NET: Registered protocol family 10
[    1.256813] Segment Routing with IPv6
[    1.264736] NET: Registered protocol family 17
[    1.265538] Key type dns_resolver registered
[    1.266450] RAS: Correctable Errors collector initialized.
[    1.269257] sched_clock: Marking stable (1269226683, 0)->(2295229153, -1026002470)
[    1.271150] registered taskstats version 1
[    1.272265] Loading compiled-in X.509 certificates
[    1.275373] Loaded X.509 cert 'Build time autogenerated kernel key: f3a9ae7fdf18cf897e7c53db8499a9c1252f0be9'
[    1.293818] zswap: loaded using pool lzo/zbud
[    1.297468] Key type big_key registered
[    1.298208] Key type trusted registered
[    1.300336] Key type encrypted registered
[    1.305594] AppArmor: AppArmor sha1 policy hashing enabled
[    1.312563] ima: No TPM chip found, activating TPM-bypass! (rc=-19)
[    1.332441] ima: Allocated hash algorithm: sha1
[    1.333288] evm: HMAC attrs: 0x1
[    1.337035]   Magic number: 10:761:841
[    1.351258] rtc_cmos rtc_cmos: setting system clock to 2018-11-18 15:49:17 UTC (1542556157)
[    1.352674] BIOS EDD facility v0.16 2004-Jun-25, 0 devices found
[    1.353564] EDD information not available.
[    1.375636] Freeing unused kernel memory: 2408K
[    1.400585] Write protecting the kernel read-only data: 20480k
[    1.402301] Freeing unused kernel memory: 2008K
[    1.406458] Freeing unused kernel memory: 1896K
[    1.412389] x86/mm: Checked W+X mappings: passed, no W+X pages found.
[    1.437679] x86/mm: Checking user space page tables
[    1.953832] x86/mm: Checked W+X mappings: passed, no W+X pages found.
[    1.997493] tsc: Refined TSC clocksource calibration: 2494.255 MHz
[    3.365335] clocksource: tsc: mask: 0xffffffffffffffff max_cycles: 0x23f406abe23, max_idle_ns: 440795313569 ns
Loading, please wait...
starting version 237
[    3.425682] Fusion MPT base driver 3.04.20
[    3.426387] Copyright (c) 1999-2008 LSI Corporation
[    3.436703] Fusion MPT SPI Host driver 3.04.20
[    3.448994] AVX2 version of gcm_enc/dec engaged.
[    3.449781] AES CTR mode by8 optimization enabled
[    3.450986] mptbase: ioc0: Initiating bringup
[    3.468613] virtio_net virtio0 enp0s3: renamed from eth0
[    3.489501] virtio_net virtio1 enp0s8: renamed from eth1
[    3.544191] ioc0: LSI53C1030 A0: Capabilities={Initiator}
[    3.641687] input: ImExPS/2 Generic Explorer Mouse as /devices/platform/i8042/serio1/input/input4
[    3.786264] scsi host2: ioc0: LSI53C1030 A0, FwRev=00000000h, Ports=1, MaxQ=256, IRQ=20
[    3.952465] scsi 2:0:0:0: Direct-Access     VBOX     HARDDISK         1.0  PQ: 0 ANSI: 5
[    3.984489] scsi target2:0:0: Beginning Domain Validation
[    4.007937] scsi target2:0:0: Domain Validation skipping write tests
[    4.008966] scsi target2:0:0: Ending Domain Validation
[    4.009803] scsi target2:0:0: asynchronous
[    4.011338] scsi 2:0:1:0: Direct-Access     VBOX     HARDDISK         1.0  PQ: 0 ANSI: 5
[    4.044531] scsi target2:0:1: Beginning Domain Validation
[    4.057514] random: fast init done
[    4.381307] scsi target2:0:1: Domain Validation skipping write tests
[    4.382237] scsi target2:0:1: Ending Domain Validation
[    4.383077] scsi target2:0:1: asynchronous
[    4.388246] random: systemd-udevd: uninitialized urandom read (16 bytes read)
[    4.388450] sd 2:0:0:0: Attached scsi generic sg0 type 0
[    4.388594] sd 2:0:1:0: Attached scsi generic sg1 type 0
[    4.413632] random: systemd-udevd: uninitialized urandom read (16 bytes read)
[    4.441320] random: systemd-udevd: uninitialized urandom read (16 bytes read)
[    4.460508] sd 2:0:0:0: [sda] 20971520 512-byte logical blocks: (10.7 GB/10.0 GiB)
[    4.472402] sd 2:0:1:0: [sdb] 20480 512-byte logical blocks: (10.5 MB/10.0 MiB)
[    4.472544] sd 2:0:1:0: [sdb] Write Protect is off
[    4.472625] sd 2:0:1:0: [sdb] Incomplete mode parameter data
[    4.472626] sd 2:0:1:0: [sdb] Assuming drive cache: write through
[    4.505442] sd 2:0:0:0: [sda] Write Protect is off
[    4.523490] sd 2:0:0:0: [sda] Incomplete mode parameter data
[    4.523821] sd 2:0:1:0: [sdb] Attached SCSI disk
[    4.542337] sd 2:0:0:0: [sda] Assuming drive cache: write through
[    4.559120]  sda: sda1
[    4.569951] sd 2:0:0:0: [sda] Attached SCSI disk
Begin: Loading essential drivers ... [    6.064089] raid6: sse2x1   gen()  9659 MB/s
[    6.116291] raid6: sse2x1   xor()  6476 MB/s
[    6.164165] raid6: sse2x2   gen() 11651 MB/s
[    6.212522] raid6: sse2x2   xor()  6195 MB/s
[    6.260312] raid6: sse2x4   gen() 13525 MB/s
[    6.308178] raid6: sse2x4   xor()  7736 MB/s
[    6.356034] raid6: avx2x1   gen() 18344 MB/s
[    6.404100] raid6: avx2x1   xor() 12667 MB/s
[    6.464408] raid6: avx2x2   gen() 21705 MB/s
[    6.516167] raid6: avx2x2   xor() 11803 MB/s
[    6.568372] raid6: avx2x4   gen() 25192 MB/s
[    6.616058] raid6: avx2x4   xor() 15533 MB/s
[    6.617935] raid6: using algorithm avx2x4 gen() 25192 MB/s
[    6.618906] raid6: .... xor() 15533 MB/s, rmw enabled
[    6.619761] raid6: using avx2x2 recovery algorithm
[    6.622096] xor: automatically using best checksumming function   avx       
[    6.630595] async_tx: api initialized (async)
done.
Begin: Running /scripts/init-premount ... done.
Begin: Mounting root file system ... Begin: Running /scripts/local-top ... done.
Begin: Running /scripts/local-premount ... [    6.674215] Btrfs loaded, crc32c=crc32c-intel
Scanning for Btrfs filesystems
done.
Warning: fsck not present, so skipping root file system
[    6.801899] EXT4-fs (sda1): mounted filesystem with ordered data mode. Opts: (null)
done.
Begin: Running /scripts/local-bottom ... done.
Begin: Running /scripts/init-bottom ... done.
[    8.533323] random: crng init done
[    8.534160] random: 7 urandom warning(s) missed due to ratelimiting
[    8.536689] ip_tables: (C) 2000-2006 Netfilter Core Team
[    9.048412] systemd[1]: systemd 237 running in system mode. (+PAM +AUDIT +SELINUX +IMA +APPARMOR +SMACK +SYSVINIT +UTMP +LIBCRYPTSETUP +GCRYPT +GNUTLS +ACL +XZ +LZ4 +SECCOMP +BLKID +ELFUTILS +KMOD -IDN2 +IDN -PCRE2 default-hierarchy=hybrid)
[    9.341683] systemd[1]: Detected virtualization oracle.
[    9.374312] systemd[1]: Detected architecture x86-64.

Welcome to [1mUbuntu 18.04.1 LTS[0m!

[    9.479168] systemd[1]: Set hostname to <ubuntu>.
[   10.473997] systemd[1]: Initializing machine ID from random generator.
[   10.929965] systemd[1]: Installed transient /etc/machine-id file.
[   13.199820] systemd[1]: Created slice User and Session Slice.
[[0;32m  OK  [0m] Created slice User and Session Slice.
[   13.220271] systemd[1]: Reached target Swap.
[[0;32m  OK  [0m] Reached target Swap.
[   13.252397] systemd[1]: Reached target User and Group Name Lookups.
[[0;32m  OK  [0m] Reached target User and Group Name Lookups.
[   13.263196] systemd[1]: Reached target System Time Synchronized.
[[0;32m  OK  [0m] Reached target System Time Synchronized.
[[0;32m  OK  [0m] Created slice System Slice.
[[0;32m  OK  [0m] Listening on Syslog Socket.
[[0;32m  OK  [0m] Listening on udev Kernel Socket.
[[0;32m  OK  [0m] Listening on udev Control Socket.
[[0;32m  OK  [0m] Listening on Journal Socket (/dev/log).
[[0;32m  OK  [0m] Listening on Journal Audit Socket.
[[0;32m  OK  [0m] Listening on LVM2 poll daemon socket.
[[0;32m  OK  [0m] Listening on Network Service Netlink Socket.
[[0;32m  OK  [0m] Reached target Slices.
[[0;32m  OK  [0m] Listening on LVM2 metadata daemon socket.
[[0;32m  OK  [0m] Created slice system-serial\x2dgetty.slice.
[[0;32m  OK  [0m] Set up automount Arbitrary Executabâ€¦rmats File System Automount Point.
[[0;32m  OK  [0m] Started Forward Password Requests to Wall Directory Watch.
[[0;32m  OK  [0m] Listening on Device-mapper event daemon FIFOs.
[[0;32m  OK  [0m] Listening on /dev/initctl Compatibility Named Pipe.
[[0;32m  OK  [0m] Listening on Journal Socket.
         Mounting POSIX Message Queue File System...
         Mounting Huge Pages File System...
         Starting Set the console keyboard layout...
         Starting Monitoring of LVM2 mirrorsâ€¦ng dmeventd or progress polling...
         Mounting Kernel Debug File System...
         Starting Load Kernel Modules...
         Starting Remount Root and Kernel File Systems...
         Starting Journal Service...
         Starting Create list of required stâ€¦ce nodes for the current kernel...
[   14.053767] systemd[1]: Starting udev Coldplug all Devices...
         Starting udev Coldplug all Devices...
[   14.084601] systemd[1]: Starting Uncomplicated firewall...
         Starting Uncomplicated firewall...
[   14.334053] systemd[1]: Started Create list of required static device nodes for the current kernel.
[[0;32m  OK  [0m] Started Create list of required staâ€¦vice nodes for the current kernel.
[   14.423458] systemd[1]: Starting Create Static Device Nodes in /dev...
         Starting Create Static Device Nodes in /dev...
[   14.469206] systemd[1]: Started Journal Service.
[[0;32m  OK  [0m] Started Journal Service.
[[0;32m  OK  [0m] Started Uncomplicated firewall.
[[0;32m  OK  [0m] Started udev Coldplug all Devices.
[   14.738978] Loading iSCSI transport class v2.0-870.
[   14.932807] iscsi: registered transport (tcp)
[   15.016492] iscsi: registered transport (iser)
[[0;32m  OK  [0m] Started Load Kernel Modules.
         Mounting FUSE Control File System...
         Mounting Kernel Configuration File System...
         Starting Apply Kernel Variables...
[[0;32m  OK  [0m] Started Create Static Device Nodes in /dev.
[[0;32m  OK  [0m] Started Apply Kernel Variables.
[[0;32m  OK  [0m] Mounted POSIX Message Queue File System.
[[0;32m  OK  [0m] Mounted Huge Pages File System.
[[0;32m  OK  [0m] Mounted Kernel Debug File System.
[[0;32m  OK  [0m] Mounted FUSE Control File System.
[[0;32m  OK  [0m] Mounted Kernel Configuration File System.
[[0;32m  OK  [0m] Started LVM2 metadata daemon.
[[0;32m  OK  [0m] Started Remount Root and Kernel File Systems.
         Starting Initial cloud-init job (pre-networking)...
         Starting udev Kernel Device Manager...
         Starting Load/Save Random Seed...
         Starting Flush Journal to Persistent Storage...
[[0;32m  OK  [0m] Started Set the console keyboard layout.
[[0;32m  OK  [0m] Started Monitoring of LVM2 mirrors,â€¦sing dmeventd or progress polling.
[[0;32m  OK  [0m] Reached target Local File Systems (Pre).
[[0;32m  OK  [0m] Reached target Local File Systems.
         Starting AppArmor initialization...
         Starting Set console font and keymap...
         Starting ebtables ruleset management...
         Starting Commit a transient machine-id on disk...
         Starting Tell Plymouth To Write Out Runtime Data...
[[0;32m  OK  [0m] Started Load/Save Random Seed.
[[0;32m  OK  [0m] Started Set console font and keymap.
[[0;32m  OK  [0m] Started Tell Plymouth To Write Out Runtime Data.
[[0;32m  OK  [0m] Started udev Kernel Device Manager.
[[0;32m  OK  [0m] Started Dispatch Password Requests to Console Directory Watch.
[[0;32m  OK  [0m] Reached target Local Encrypted Volumes.
[[0;32m  OK  [0m] Started Flush Journal to Persistent Storage.
[[0;32m  OK  [0m] Started Commit a transient machine-id on disk.
         Starting Create Volatile Files and Directories...
[[0;32m  OK  [0m] Started Create Volatile Files and Directories.
         Starting Update UTMP about System Boot/Shutdown...
[[0;32m  OK  [0m] Started ebtables ruleset management.
[[0;32m  OK  [0m] Started Update UTMP about System Boot/Shutdown.
[[0;32m  OK  [0m] Found device /dev/ttyS0.
[[0;32m  OK  [0m] Listening on Load/Save RF Kill Switch Status /dev/rfkill Watch.
[[0;32m  OK  [0m] Started AppArmor initialization.
[   26.313445] cloud-init[411]: Cloud-init v. 18.4-0ubuntu1~18.04.1 running 'init-local' at Sun, 18 Nov 2018 15:49:41 +0000. Up 25.37 seconds.
[[0;32m  OK  [0m] Started Initial cloud-init job (pre-networking).
[[0;32m  OK  [0m] Reached target Network (Pre).
         Starting Network Service...
[[0;32m  OK  [0m] Started Network Service.
         Starting Network Name Resolution...
         Starting Wait for Network to be Configured...
[[0;32m  OK  [0m] Started Network Name Resolution.
[[0;32m  OK  [0m] Reached target Network.
[[0;32m  OK  [0m] Reached target Host and Network Name Lookups.
[[0;32m  OK  [0m] Started Wait for Network to be Configured.
         Starting Initial cloud-init job (metadata service crawler)...
[   33.181801] cloud-init[632]: Cloud-init v. 18.4-0ubuntu1~18.04.1 running 'init' at Sun, 18 Nov 2018 15:49:44 +0000. Up 28.71 seconds.
[   33.184261] cloud-init[632]: ci-info: ++++++++++++++++++++++++++++++++++++++Net device info+++++++++++++++++++++++++++++++++++++++
[   33.186671] cloud-init[632]: ci-info: +--------+-------+----------------------------+---------------+--------+-------------------+
[   33.189172] cloud-init[632]: ci-info: | Device |   Up  |          Address           |      Mask     | Scope  |     Hw-Address    |
[   33.191559] cloud-init[632]: ci-info: +--------+-------+----------------------------+---------------+--------+-------------------+
[   33.193754] cloud-init[632]: ci-info: | enp0s3 |  True |         10.0.2.15          | 255.255.255.0 | global | 02:c4:4c:50:3a:be |
[   33.232495] cloud-init[632]: ci-info: | enp0s3 |  True | fe80::c4:4cff:fe50:3abe/64 |       .       |  link  | 02:c4:4c:50:3a:be |
[   33.239913] cloud-init[632]: ci-info: | enp0s8 | False |             .              |       .       |   .    | 08:00:27:5a:97:83 |
[[0;32m  OK  [0m] Started Initial cloud-init job (metadata service crawler).
[   33.279746] cloud-init[632]: ci-info: |   lo   |  True |         127.0.0.1          |   255.0.0.0   |  host  |         .         |
[   33.283431] cloud-init[632]: ci-info: |   lo   |  True |          ::1/128           |       .       |  host  |         .         |
[[0;32m  OK  [0m] Reached target Cloud-config availability.
[[0;32m  OK  [0m] Reached target Network is Online.[   33.288454] cloud-init[632]: ci-info: +--------+-------+----------------------------+---------------+--------+-------------------+
[   33.290703] cloud-init[632]: ci-info: ++++++++++++++++++++++++++++Route IPv4 info+++++++++++++++++++++++++++++
[   33.292287] cloud-init[632]: ci-info: +-------+-------------+----------+-----------------+-----------+-------+
[   33.293711] cloud-init[632]: ci-info: | Route | Destination | Gateway  |     Genmask     | Interface | Flags |
[   33.295095] cloud-init[632]: ci-info: +-------+-------------+----------+-----------------+-----------+-------+

[   33.297182] cloud-init[632]: ci-info: |   0   |   0.0.0.0   | 10.0.2.2 |     0.0.0.0     |   enp0s3  |   UG  |
[   33.298609] cloud-init[632]: ci-info: |   1   |   10.0.2.0  | 0.0.0.0  |  255.255.255.0  |   enp0s3  |   U   |
[   33.300597] cloud-init[632]: ci-info: |   2   |   10.0.2.2  | 0.0.0.0  | 255.255.255.255 |   enp0s3  |   UH  |
[   33.302702] cloud-init[632]: ci-info: +-------+-------------+----------+-----------------+-----------+-------+
[   33.304511] cloud-init[632]: ci-info: +++++++++++++++++++Route IPv6 info+++++++++++++++++++
[   33.306089] cloud-init[632]: ci-info: +-------+-------------+---------+-----------+-------+
[   33.307568] cloud-init[632]: ci-info: | Route | Destination | Gateway | Interface | Flags |
[   33.309316] cloud-init[632]: ci-info: +-------+-------------+---------+-----------+-------+
[   33.313023] cloud-init[632]: ci-info: |   1   |  fe80::/64  |    ::   |   enp0s3  |   U   |
         Starting Availability of block devices...
[[0;32m  OK  [0m] Reached target Remote File Systems (Pre).
[[0;32m  OK  [0m] Reached target Remote File Systems.
[[0;32m  OK  [0m] Reached target System Initialization.
[[0;32m  OK  [0m] Listening on Open-iSCSI iscsid Socket.
[[0;32m  OK  [0m] Started Daily apt download activities.
[[0;32m  OK  [0m] Started Daily apt upgrade and clean activities.
         Starting Socket activation for snappy daemon.
[[0;32m  OK  [0m] Started Discard unused blocks once a week.
[[0;32m  OK  [0m] Listening on ACPID Listen Socket.
[   33.340181] cloud-init[632]: ci-info: |   3   |    local    |    ::   |   enp0s3  |   U   |
[   33.341535] cloud-init[632]: ci-info: |   4   |   ff00::/8  |    ::   |   enp0s3  |   U   |
[   33.342770] cloud-init[632]: ci-info: +-------+-------------+---------+-----------+-------+
[   33.344050] cloud-init[632]: Generating public/private rsa key pair.
[   33.345296] cloud-init[632]: Your identification has been saved in /etc/ssh/ssh_host_rsa_key.
[   33.346673] cloud-init[632]: Your public key has been saved in /etc/ssh/ssh_host_rsa_key.pub.
[   33.347959] cloud-init[632]: The key fingerprint is:
[   33.348940] cloud-init[632]: SHA256:pg8g9DQMDwQGNpU4MSfhw3agJvn2gR7nNgi9tTVbHeU root@ubuntu-bionic
[   33.350289] cloud-init[632]: The key's randomart image is:
[   33.351309] cloud-init[632]: +---[RSA 2048]----+
[   33.352433] cloud-init[632]: |+%Oo.       .    |
[   33.353404] cloud-init[632]: |*+**       o     |
[   33.354279] cloud-init[632]: |+*o.=     . E    |
[   33.355176] cloud-init[632]: |++o+ .   . .     |
[   33.356103] cloud-init[632]: |. B * o S .      |
[   33.356995] cloud-init[632]: | + X = *         |
[   33.357884] cloud-init[632]: |  + * +          |
[   33.358775] cloud-init[632]: |   . . o         |
[   33.359649] cloud-init[632]: |        .        |
[   33.360793] cloud-init[632]: +----[SHA256]-----+
[   33.362496] cloud-init[632]: Generating public/private dsa key pair.
[   33.364381] cloud-init[632]: Your identification has been saved in /etc/ssh/ssh_host_dsa_key.
[   33.365923] cloud-init[632]: Your public key has been saved in /etc/ssh/ssh_host_dsa_key.pub.
[   33.367235] cloud-init[632]: The key fingerprint is:
[   33.368279] cloud-init[632]: SHA256:MlY06hh/V16oa1GvoqKdUTtYPGuyTXR4GhEwUlZ8660 root@ubuntu-bionic
[   33.369685] cloud-init[632]: The key's randomart image is:
[   33.370682] cloud-init[632]: +---[DSA 1024]----+
[   33.371612] cloud-init[632]: |    ..=+=        |
         Starting LXD - unix socket.
[   33.404043] cloud-init[632]: |     o +.o.  .   |
[[0;32m  OK  [0m] Listening on UUID daemon activation socket.
[   33.407020] cloud-init[632]: |    . . o. .+ .  |
[[   33.428501] cloud-init[632]: |     = o o.= o   |
[   33.428687] cloud-init[632]: |    . * S.*.. .  |
[0;32m  OK  [0m] Started Message of the Day.
[   33.429140] cloud-init[632]: |     . O X.o..   |
[[   33.438101] cloud-init[632]: |      + B +..    |
[   33.438249] cloud-init[632]: |     ..O +E.     |
[   33.438652] cloud-init[632]: |    ..+.o        |
[   33.438804] cloud-init[632]: +----[SHA256]-----+
[   33.438971] cloud-init[632]: Generating public/private ecdsa key pair.
[   33.439132] cloud-init[632]: Your identification has been saved in /etc/ssh/ssh_host_ecdsa_key.
[   33.439296] cloud-init[632]: Your public key has been saved in /etc/ssh/ssh_host_ecdsa_key.pub.
[   33.439465] cloud-init[632]: The key fingerprint is:
[   33.440237] cloud-init[632]: SHA256:FQbigl+iDHNxdHpIwQ4BcyMzH8WhVX7RslZ8gYqYBkY root@ubuntu-bionic
[   33.440396] cloud-init[632]: The key's randomart image is:
[   33.440757] cloud-init[632]: +---[ECDSA 256]---+
[   33.441112] cloud-init[632]: |*oE*O++ o+o...   |
[   33.441288] cloud-init[632]: | B+Xo* ..o=..    |
[   33.441450] cloud-init[632]: |o.=+=o=..=..     |
[   33.441840] cloud-init[632]: | = o==..+.       |
[   33.441996] cloud-init[632]: |  o..  .S        |
[   33.442598] cloud-init[632]: |                 |
[   33.443153] cloud-init[632]: |                 |
[   33.443330] cloud-init[632]: |                 |
[   33.444339] cloud-init[632]: |                 |
[   33.445049] cloud-init[632]: +----[SHA256]-----+
[   33.446030] cloud-init[632]: Generating public/private ed25519 key pair.
[   33.446203] cloud-init[632]: Your identification has been saved in /etc/ssh/ssh_host_ed25519_key.
[0;32m  OK  [0m] Started Daily Cleanup of Temporary Directories.
[   33.446487] cloud-init[632]: Your public key has been saved in /etc/ssh/ssh_host_ed25519_key.pub.
[[   33.508979] cloud-init[632]: The key fingerprint is:
[   33.509488] cloud-init[632]: SHA256:77KOOF/MMFtrMYJ/eaICL6DVCb/jjW4FZfZM2QtpcbA root@ubuntu-bionic
[   33.509720] cloud-init[632]: The key's randomart image is:
[   33.510117] cloud-init[632]: +--[ED25519 256]--+
[   33.510292] cloud-init[632]: |        o*.      |
[   33.510475] cloud-init[632]: |      + *o.      |
[   33.510675] cloud-init[632]: |     + =E. .     |
[   33.511091] cloud-init[632]: |  . ..  o .      |
[   33.511429] cloud-init[632]: |   +.o+ S        |
[   33.511777] [0;32m  OK  [0mcloud-init] [632]: Reached target Timers.|. o +..O *       |

[   33.520549] cloud-init[632]: |.o o oo X o      |
[   33.521398] cloud-init[632]: |. . B+ *.+       |
[[   33.553106] cloud-init[632]: |   ====.oo.      |
[   33.553263] cloud-init[632]: +----[SHA256]-----+
[0;32m  OK  [0m] Started ACPI Events Check.
[[0;32m  OK  [0m] Reached target Paths.
[[0;32m  OK  [0m] Listening on D-Bus System Message Bus Socket.
[[0;32m  OK  [0m] Started Availability of block devices.
[[0;32m  OK  [0m] Listening on Socket activation for snappy daemon.
[[0;32m  OK  [0m] Listening on LXD - unix socket.
[[0;32m  OK  [0m] Reached target Sockets.
[[0;32m  OK  [0m] Reached target Basic System.
[[0;32m  OK  [0m] Started Deferred execution scheduler.
         Starting Permit User Sessions...
[[0;32m  OK  [0m] Started irqbalance daemon.
         Starting LXD - container startup/shutdown...
         Starting LSB: automatic crash report generation...
[[0;32m  OK  [0m] Started Regular background program processing daemon.
         Starting Pollinate to seed the pseudo random number generator...
         Starting LSB: Record successful boot for GRUB...
         Starting Accounts Service...
         Starting Dispatcher daemon for systemd-networkd...
         Starting Login Service...
[[0;32m  OK  [0m] Started FUSE filesystem for LXC.
         Starting Virtualbox guest utils...
         Starting System Logging Service...
[[0;32m  OK  [0m] Started D-Bus System Message Bus.
[[0;32m  OK  [0m] Started Login Service.
[[0;32m  OK  [0m] Started Unattended Upgrades Shutdown.
         Starting Snappy daemon...
[[0;32m  OK  [0m] Started System Logging Service.
[[0;32m  OK  [0m] Started Permit User Sessions.
         Starting Hold until boot process finishes up...
         Starting Terminate Plymouth Boot Screen...
[[0;32m  OK  [0m] Started Hold until boot process finishes up.
[[0;32m  OK  [0m] Started Terminate Plymouth Boot Screen.
         Starting Authorization Manager...
[[0;32m  OK  [0m] Started Serial Getty on ttyS0.
         Starting Set console scheme...
[[0;32m  OK  [0m] Started LSB: automatic crash report generation.
[[0;32m  OK  [0m] Started Set console scheme.
[[0;32m  OK  [0m] Created slice system-getty.slice.
[[0;32m  OK  [0m] Started Getty on tty1.
[[0;32m  OK  [0m] Reached target Login Prompts.
[[0;32m  OK  [0m] Started LSB: Record successful boot for GRUB.
[[0;32m  OK  [0m] Started Authorization Manager.
[[0;32m  OK  [0m] Started Accounts Service.
[[0;32m  OK  [0m] Started Dispatcher daemon for systemd-networkd.
[[0;32m  OK  [0m] Started Virtualbox guest utils.

Ubuntu 18.04.1 LTS ubuntu-bionic ttyS0

ubuntu-bionic login: [   52.186366] cloud-init[1276]: Cloud-init v. 18.4-0ubuntu1~18.04.1 running 'modules:config' at Sun, 18 Nov 2018 15:50:04 +0000. Up 47.95 seconds.
ci-info: no authorized ssh keys fingerprints found for user ubuntu.
<14>Nov 18 15:50:09 ec2: 
<14>Nov 18 15:50:09 ec2: #############################################################
<14>Nov 18 15:50:09 ec2: -----BEGIN SSH HOST KEY FINGERPRINTS-----
<14>Nov 18 15:50:09 ec2: 1024 SHA256:MlY06hh/V16oa1GvoqKdUTtYPGuyTXR4GhEwUlZ8660 root@ubuntu-bionic (DSA)
<14>Nov 18 15:50:09 ec2: 256 SHA256:FQbigl+iDHNxdHpIwQ4BcyMzH8WhVX7RslZ8gYqYBkY root@ubuntu-bionic (ECDSA)
<14>Nov 18 15:50:09 ec2: 256 SHA256:77KOOF/MMFtrMYJ/eaICL6DVCb/jjW4FZfZM2QtpcbA root@ubuntu-bionic (ED25519)
<14>Nov 18 15:50:09 ec2: 2048 SHA256:pg8g9DQMDwQGNpU4MSfhw3agJvn2gR7nNgi9tTVbHeU root@ubuntu-bionic (RSA)
<14>Nov 18 15:50:09 ec2: -----END SSH HOST KEY FINGERPRINTS-----
<14>Nov 18 15:50:09 ec2: #############################################################
-----BEGIN SSH HOST KEY KEYS-----
ecdsa-sha2-nistp256 AAAAE2VjZHNhLXNoYTItbmlzdHAyNTYAAAAIbmlzdHAyNTYAAABBBHf7Ij3Nkb8RSnsuZ63lV+LJknT92XNHbx2HtxXYkYbzV7tZGhPCjopoiMEIdfCn1Ht3NI8dGorvDtfWaGSZphQ= root@ubuntu-bionic
ssh-ed25519 AAAAC3NzaC1lZDI1NTE5AAAAIOwFDA/6jJ8/Ssynhyf3zw0GadB3VBQ8R/PMZPkcgcZ9 root@ubuntu-bionic
ssh-rsa AAAAB3NzaC1yc2EAAAADAQABAAABAQDEaTiVFW2BxkiyWRUUi9SJ04Cres9z3Xjj+0svF4cEe6WX0Bk4iYwaBCEkgtQR7k/zJCyINoeDObf8dBtatI/K+wDI/GslFDPYyeWg2t7B4A+ZZ1mEgTd5gHbvGTPtOddDcRMJNy24Gums+eS/1NoG/fT9DvzFc17UzNPWH/BrdsGa1bRQC+PTStOlZAvG+efGWupZcmd5DjKTy6wZ1/FLzqQVHmyWZ6QgpCkUSTukWFsobhdtK6jOynfTxEwEN+k9fBmw9vLSr5diR33eqp2j1q3wc20VRNaheu2wb/ZTCU7S5aGHQTZzXWiPP/lhCoNOmFgOm0O/pm1mQNSTNV4L root@ubuntu-bionic
-----END SSH HOST KEY KEYS-----
[   52.909929] cloud-init[1365]: Cloud-init v. 18.4-0ubuntu1~18.04.1 running 'modules:final' at Sun, 18 Nov 2018 15:50:08 +0000. Up 52.66 seconds.
[   52.910008] cloud-init[1365]: ci-info: no authorized ssh keys fingerprints found for user ubuntu.
[   52.910045] cloud-init[1365]: Cloud-init v. 18.4-0ubuntu1~18.04.1 finished at Sun, 18 Nov 2018 15:50:09 +0000. Datasource DataSourceNoCloud [seed=/dev/sdb][dsmode=net].  Up 52.90 seconds
